[START] task=easy
python : CRITICAL ERROR: 
Missing required 
environment variables: 
API_BASE_URL, API_KEY
At line:1 char:1
+ python inference.py > 
test_output.log 2>&1; cat 
test_output.log
+ ~~~~~~~~~~~~~~~~~~~~~~~~
~~~~~~~~~~~~~~~~~~
    + CategoryInfo        
      : NotSpecified: (C  
  RITICAL ERROR:...SE_U   
 RL, API_KEY:String) [    
], RemoteException
    + FullyQualifiedError 
   Id : NativeCommandErr  
  or
 
CRITICAL ERROR: Missing 
required environment 
variables: API_BASE_URL, 
API_KEY
CRITICAL ERROR: Missing 
required environment 
variables: API_BASE_URL, 
API_KEY
[END] task=easy score=0.01 steps=0
[START] task=medium
[END] task=medium score=0.01 steps=0
[START] task=hard
[END] task=hard score=0.01 steps=0
